INFO:     Started server process [4318]
INFO:     Waiting for application startup.
2026-05-23 19:03:17 | INFO     | wb_spyglass | 🚀 WB Spyglass starting up [env=development]
2026-05-23 19:03:17 | INFO     | wb_spyglass | CORS origins: ['http://localhost:3000', 'http://localhost:5173', 'http://localhost:5174', 'http://localhost:8080']
INFO:     Application startup complete.
INFO:     Uvicorn running on http://0.0.0.0:8000 (Press CTRL+C to quit)
2026-05-23 19:04:15 | INFO     | wb_spyglass | ▶ Fast Parse request: SKU=94552966
2026-05-23 19:04:15 | INFO     | wb_client | ▶ fetch_product SKU=94552966
2026-05-23 19:04:15 | INFO     | wb_client | [search-single] GET https://search.wb.ru/exactmatch/ru/common/v7/search?appType=1&curr=rub&dest=-1257786&page=1&resultset=catalog&suppressSpellcheck=false&query=94552966 (attempt 1)
2026-05-23 19:04:17 | WARNING  | wb_client | [search-single] 429 rate-limit. Waiting 5.9s before retry 1/3
2026-05-23 19:04:23 | INFO     | wb_client | [search-single] GET https://search.wb.ru/exactmatch/ru/common/v7/search?appType=1&curr=rub&dest=-1257786&page=1&resultset=catalog&suppressSpellcheck=false&query=94552966 (attempt 2)
2026-05-23 19:04:23 | WARNING  | wb_client | [search-single] 429 rate-limit. Waiting 15.9s before retry 2/3
2026-05-23 19:04:39 | INFO     | wb_client | [search-single] GET https://search.wb.ru/exactmatch/ru/common/v7/search?appType=1&curr=rub&dest=-1257786&page=1&resultset=catalog&suppressSpellcheck=false&query=94552966 (attempt 3)
2026-05-23 19:04:40 | WARNING  | wb_client | [search-single] 429 rate-limit. Waiting 31.0s before retry 3/3
2026-05-23 19:05:11 | INFO     | wb_client | [search-single] Final attempt: GET https://search.wb.ru/exactmatch/ru/common/v7/search?appType=1&curr=rub&dest=-1257786&page=1&resultset=catalog&suppressSpellcheck=false&query=94552966
2026-05-23 19:05:12 | ERROR    | wb_client | [search-single] Failed after all retries. Last status: 429
2026-05-23 19:05:12 | INFO     | wb_client | Search API unavailable/incomplete for SKU=94552966, trying Basket CDN
2026-05-23 19:05:12 | INFO     | wb_client | [basket] GET https://basket-05.wbbasket.ru/vol945/part94552/94552966/info/ru/card.json (attempt 1)
2026-05-23 19:05:14 | INFO     | wb_client | Product found via Basket CDN: Железо липосомальное витамины хелат
2026-05-23 19:05:14 | INFO     | wb_client | Basket CDN parsed: name='Железо липосомальное витамины хелат (бисглицинат железа; L-аскорбат кальция (витамин С); L-аскорбиновая кислота (витамин С); лецитин из подсолнечника; растительный глицерин; сорбитан моноолеат (эмульгатор); ксантановая камедь; гуммиарабик; стевиолгликозид; натуральные вкусоароматические вещества железа бисглицинат 100 мл 1 шт. маракуйя)' brand='SmartLife' price=0.00 subjectId=0
2026-05-23 19:05:14 | INFO     | wb_client | ▶ fetch_competitors subjectId=0 top=5 minRating=4.5
2026-05-23 19:05:14 | WARNING  | wb_client | Could not fetch competitors via Search API (probably 429 block). Falling back to DuckDuckGo search scraping.
2026-05-23 19:05:14 | INFO     | wb_client | [ddg-search] GET https://html.duckduckgo.com/html/?q=site%3Awildberries.ru/catalog/%20%D0%B6%D0%B5%D0%BB%D0%B5%D0%B7%D0%BE (attempt 1)
2026-05-23 19:05:16 | WARNING  | wb_client | [ddg-search] HTTP 403 for https://html.duckduckgo.com/html/?q=site%3Awildberries.ru/catalog/%20%D0%B6%D0%B5%D0%BB%D0%B5%D0%B7%D0%BE
2026-05-23 19:05:16 | INFO     | wb_client | Found 0 competitors for target 94552966
2026-05-23 19:05:16 | INFO     | wb_spyglass | WB data collected: product='Железо липосомальное витамины хелат (бисглицинат железа; L-аскорбат кальция (витамин С); L-аскорбиновая кислота (витамин С); лецитин из подсолнечника; растительный глицерин; сорбитан моноолеат (эмульгатор); ксантановая камедь; гуммиарабик; стевиолгликозид; натуральные вкусоароматические вещества железа бисглицинат 100 мл 1 шт. маракуйя)', competitors=0
2026-05-23 19:05:16 | INFO     | wb_spyglass | GET /api/analyze/94552966 → 200 (60.619s)
INFO:     127.0.0.1:56627 - "GET /api/analyze/94552966 HTTP/1.1" 200 OK
